// Jest Snapshot v1, https://goo.gl/fbAQLP

exports[`CommentInputSection should render correctly 1`] = `
<img
  alt="userImage"
  class="userImage"
  src=""
/>
`;
